12:48:32 **** Incremental Build of configuration Debug for project HMAS ****
Info: Internal Builder is used for build
arm-atollic-eabi-gcc -c ..\src\page\initialize_page\initialize_page.c -mthumb -mcpu=cortex-m4 -mfloat-abi=hard -mfpu=fpv4-sp-d16 -std=gnu11 -DSTM32F42_43xxx -DUSE_STDPERIPH_DRIVER -DHSE_VALUE=8000000 -DUSE_STM32F429I_DISCO -I../src -I../Libraries/CMSIS/Include -I../Libraries/Device/ST/STM32F4xx/Include -I../Libraries/STM32F4xx_StdPeriph_Driver/inc -I../Utilities/Common -I../Utilities/STM32F429I-Discovery -IC:\Users\User\Documents\GitHub\ESD-Home-Monitoring-Automation-System\HMAS\Libraries\TM_LCD\inc -IC:\Users\User\Documents\GitHub\ESD-Home-Monitoring-Automation-System\HMAS\lvgl\src -IC:\Users\User\Documents\GitHub\ESD-Home-Monitoring-Automation-System\HMAS\lvgl -IC:\Users\User\Documents\GitHub\ESD-Home-Monitoring-Automation-System\HMAS\ui -O0 -ffunction-sections -fdata-sections -g -fstack-usage -Wall -specs=nano.specs -o src\page\initialize_page\initialize_page.o 
arm-atollic-eabi-gcc -c ..\src\page\sensor_page\sensor_page.c -mthumb -mcpu=cortex-m4 -mfloat-abi=hard -mfpu=fpv4-sp-d16 -std=gnu11 -DSTM32F42_43xxx -DUSE_STDPERIPH_DRIVER -DHSE_VALUE=8000000 -DUSE_STM32F429I_DISCO -I../src -I../Libraries/CMSIS/Include -I../Libraries/Device/ST/STM32F4xx/Include -I../Libraries/STM32F4xx_StdPeriph_Driver/inc -I../Utilities/Common -I../Utilities/STM32F429I-Discovery -IC:\Users\User\Documents\GitHub\ESD-Home-Monitoring-Automation-System\HMAS\Libraries\TM_LCD\inc -IC:\Users\User\Documents\GitHub\ESD-Home-Monitoring-Automation-System\HMAS\lvgl\src -IC:\Users\User\Documents\GitHub\ESD-Home-Monitoring-Automation-System\HMAS\lvgl -IC:\Users\User\Documents\GitHub\ESD-Home-Monitoring-Automation-System\HMAS\ui -O0 -ffunction-sections -fdata-sections -g -fstack-usage -Wall -specs=nano.specs -o src\page\sensor_page\sensor_page.o 
arm-atollic-eabi-gcc -c ..\src\page\page.c -mthumb -mcpu=cortex-m4 -mfloat-abi=hard -mfpu=fpv4-sp-d16 -std=gnu11 -DSTM32F42_43xxx -DUSE_STDPERIPH_DRIVER -DHSE_VALUE=8000000 -DUSE_STM32F429I_DISCO -I../src -I../Libraries/CMSIS/Include -I../Libraries/Device/ST/STM32F4xx/Include -I../Libraries/STM32F4xx_StdPeriph_Driver/inc -I../Utilities/Common -I../Utilities/STM32F429I-Discovery -IC:\Users\User\Documents\GitHub\ESD-Home-Monitoring-Automation-System\HMAS\Libraries\TM_LCD\inc -IC:\Users\User\Documents\GitHub\ESD-Home-Monitoring-Automation-System\HMAS\lvgl\src -IC:\Users\User\Documents\GitHub\ESD-Home-Monitoring-Automation-System\HMAS\lvgl -IC:\Users\User\Documents\GitHub\ESD-Home-Monitoring-Automation-System\HMAS\ui -O0 -ffunction-sections -fdata-sections -g -fstack-usage -Wall -specs=nano.specs -o src\page\page.o 
arm-atollic-eabi-gcc -c ..\ui\screens\ui_DashboardPage.c -mthumb -mcpu=cortex-m4 -mfloat-abi=hard -mfpu=fpv4-sp-d16 -std=gnu11 -DSTM32F42_43xxx -DUSE_STDPERIPH_DRIVER -DHSE_VALUE=8000000 -DUSE_STM32F429I_DISCO -I../src -I../Libraries/CMSIS/Include -I../Libraries/Device/ST/STM32F4xx/Include -I../Libraries/STM32F4xx_StdPeriph_Driver/inc -I../Utilities/Common -I../Utilities/STM32F429I-Discovery -IC:\Users\User\Documents\GitHub\ESD-Home-Monitoring-Automation-System\HMAS\Libraries\TM_LCD\inc -IC:\Users\User\Documents\GitHub\ESD-Home-Monitoring-Automation-System\HMAS\lvgl\src -IC:\Users\User\Documents\GitHub\ESD-Home-Monitoring-Automation-System\HMAS\lvgl -IC:\Users\User\Documents\GitHub\ESD-Home-Monitoring-Automation-System\HMAS\ui -O0 -ffunction-sections -fdata-sections -g -fstack-usage -Wall -specs=nano.specs -o ui\screens\ui_DashboardPage.o 
arm-atollic-eabi-gcc -c ..\ui\ui.c -mthumb -mcpu=cortex-m4 -mfloat-abi=hard -mfpu=fpv4-sp-d16 -std=gnu11 -DSTM32F42_43xxx -DUSE_STDPERIPH_DRIVER -DHSE_VALUE=8000000 -DUSE_STM32F429I_DISCO -I../src -I../Libraries/CMSIS/Include -I../Libraries/Device/ST/STM32F4xx/Include -I../Libraries/STM32F4xx_StdPeriph_Driver/inc -I../Utilities/Common -I../Utilities/STM32F429I-Discovery -IC:\Users\User\Documents\GitHub\ESD-Home-Monitoring-Automation-System\HMAS\Libraries\TM_LCD\inc -IC:\Users\User\Documents\GitHub\ESD-Home-Monitoring-Automation-System\HMAS\lvgl\src -IC:\Users\User\Documents\GitHub\ESD-Home-Monitoring-Automation-System\HMAS\lvgl -IC:\Users\User\Documents\GitHub\ESD-Home-Monitoring-Automation-System\HMAS\ui -O0 -ffunction-sections -fdata-sections -g -fstack-usage -Wall -specs=nano.specs -o ui\ui.o 
arm-atollic-eabi-gcc -c ..\src\page\setting_page\setting_page.c -mthumb -mcpu=cortex-m4 -mfloat-abi=hard -mfpu=fpv4-sp-d16 -std=gnu11 -DSTM32F42_43xxx -DUSE_STDPERIPH_DRIVER -DHSE_VALUE=8000000 -DUSE_STM32F429I_DISCO -I../src -I../Libraries/CMSIS/Include -I../Libraries/Device/ST/STM32F4xx/Include -I../Libraries/STM32F4xx_StdPeriph_Driver/inc -I../Utilities/Common -I../Utilities/STM32F429I-Discovery -IC:\Users\User\Documents\GitHub\ESD-Home-Monitoring-Automation-System\HMAS\Libraries\TM_LCD\inc -IC:\Users\User\Documents\GitHub\ESD-Home-Monitoring-Automation-System\HMAS\lvgl\src -IC:\Users\User\Documents\GitHub\ESD-Home-Monitoring-Automation-System\HMAS\lvgl -IC:\Users\User\Documents\GitHub\ESD-Home-Monitoring-Automation-System\HMAS\ui -O0 -ffunction-sections -fdata-sections -g -fstack-usage -Wall -specs=nano.specs -o src\page\setting_page\setting_page.o 
arm-atollic-eabi-gcc -c ..\src\main.c -mthumb -mcpu=cortex-m4 -mfloat-abi=hard -mfpu=fpv4-sp-d16 -std=gnu11 -DSTM32F42_43xxx -DUSE_STDPERIPH_DRIVER -DHSE_VALUE=8000000 -DUSE_STM32F429I_DISCO -I../src -I../Libraries/CMSIS/Include -I../Libraries/Device/ST/STM32F4xx/Include -I../Libraries/STM32F4xx_StdPeriph_Driver/inc -I../Utilities/Common -I../Utilities/STM32F429I-Discovery -IC:\Users\User\Documents\GitHub\ESD-Home-Monitoring-Automation-System\HMAS\Libraries\TM_LCD\inc -IC:\Users\User\Documents\GitHub\ESD-Home-Monitoring-Automation-System\HMAS\lvgl\src -IC:\Users\User\Documents\GitHub\ESD-Home-Monitoring-Automation-System\HMAS\lvgl -IC:\Users\User\Documents\GitHub\ESD-Home-Monitoring-Automation-System\HMAS\ui -O0 -ffunction-sections -fdata-sections -g -fstack-usage -Wall -specs=nano.specs -o src\main.o 
arm-atollic-eabi-gcc -c ..\ui\ui_events.c -mthumb -mcpu=cortex-m4 -mfloat-abi=hard -mfpu=fpv4-sp-d16 -std=gnu11 -DSTM32F42_43xxx -DUSE_STDPERIPH_DRIVER -DHSE_VALUE=8000000 -DUSE_STM32F429I_DISCO -I../src -I../Libraries/CMSIS/Include -I../Libraries/Device/ST/STM32F4xx/Include -I../Libraries/STM32F4xx_StdPeriph_Driver/inc -I../Utilities/Common -I../Utilities/STM32F429I-Discovery -IC:\Users\User\Documents\GitHub\ESD-Home-Monitoring-Automation-System\HMAS\Libraries\TM_LCD\inc -IC:\Users\User\Documents\GitHub\ESD-Home-Monitoring-Automation-System\HMAS\lvgl\src -IC:\Users\User\Documents\GitHub\ESD-Home-Monitoring-Automation-System\HMAS\lvgl -IC:\Users\User\Documents\GitHub\ESD-Home-Monitoring-Automation-System\HMAS\ui -O0 -ffunction-sections -fdata-sections -g -fstack-usage -Wall -specs=nano.specs -o ui\ui_events.o 
arm-atollic-eabi-gcc -c ..\ui\screens\ui_RecordPage.c -mthumb -mcpu=cortex-m4 -mfloat-abi=hard -mfpu=fpv4-sp-d16 -std=gnu11 -DSTM32F42_43xxx -DUSE_STDPERIPH_DRIVER -DHSE_VALUE=8000000 -DUSE_STM32F429I_DISCO -I../src -I../Libraries/CMSIS/Include -I../Libraries/Device/ST/STM32F4xx/Include -I../Libraries/STM32F4xx_StdPeriph_Driver/inc -I../Utilities/Common -I../Utilities/STM32F429I-Discovery -IC:\Users\User\Documents\GitHub\ESD-Home-Monitoring-Automation-System\HMAS\Libraries\TM_LCD\inc -IC:\Users\User\Documents\GitHub\ESD-Home-Monitoring-Automation-System\HMAS\lvgl\src -IC:\Users\User\Documents\GitHub\ESD-Home-Monitoring-Automation-System\HMAS\lvgl -IC:\Users\User\Documents\GitHub\ESD-Home-Monitoring-Automation-System\HMAS\ui -O0 -ffunction-sections -fdata-sections -g -fstack-usage -Wall -specs=nano.specs -o ui\screens\ui_RecordPage.o 
arm-atollic-eabi-gcc -c ..\ui\screens\ui_SettingPage.c -mthumb -mcpu=cortex-m4 -mfloat-abi=hard -mfpu=fpv4-sp-d16 -std=gnu11 -DSTM32F42_43xxx -DUSE_STDPERIPH_DRIVER -DHSE_VALUE=8000000 -DUSE_STM32F429I_DISCO -I../src -I../Libraries/CMSIS/Include -I../Libraries/Device/ST/STM32F4xx/Include -I../Libraries/STM32F4xx_StdPeriph_Driver/inc -I../Utilities/Common -I../Utilities/STM32F429I-Discovery -IC:\Users\User\Documents\GitHub\ESD-Home-Monitoring-Automation-System\HMAS\Libraries\TM_LCD\inc -IC:\Users\User\Documents\GitHub\ESD-Home-Monitoring-Automation-System\HMAS\lvgl\src -IC:\Users\User\Documents\GitHub\ESD-Home-Monitoring-Automation-System\HMAS\lvgl -IC:\Users\User\Documents\GitHub\ESD-Home-Monitoring-Automation-System\HMAS\ui -O0 -ffunction-sections -fdata-sections -g -fstack-usage -Wall -specs=nano.specs -o ui\screens\ui_SettingPage.o 
arm-atollic-eabi-gcc -c ..\ui\screens\ui_InitializePage.c -mthumb -mcpu=cortex-m4 -mfloat-abi=hard -mfpu=fpv4-sp-d16 -std=gnu11 -DSTM32F42_43xxx -DUSE_STDPERIPH_DRIVER -DHSE_VALUE=8000000 -DUSE_STM32F429I_DISCO -I../src -I../Libraries/CMSIS/Include -I../Libraries/Device/ST/STM32F4xx/Include -I../Libraries/STM32F4xx_StdPeriph_Driver/inc -I../Utilities/Common -I../Utilities/STM32F429I-Discovery -IC:\Users\User\Documents\GitHub\ESD-Home-Monitoring-Automation-System\HMAS\Libraries\TM_LCD\inc -IC:\Users\User\Documents\GitHub\ESD-Home-Monitoring-Automation-System\HMAS\lvgl\src -IC:\Users\User\Documents\GitHub\ESD-Home-Monitoring-Automation-System\HMAS\lvgl -IC:\Users\User\Documents\GitHub\ESD-Home-Monitoring-Automation-System\HMAS\ui -O0 -ffunction-sections -fdata-sections -g -fstack-usage -Wall -specs=nano.specs -o ui\screens\ui_InitializePage.o 
arm-atollic-eabi-gcc -c ..\ui\ui_helpers.c -mthumb -mcpu=cortex-m4 -mfloat-abi=hard -mfpu=fpv4-sp-d16 -std=gnu11 -DSTM32F42_43xxx -DUSE_STDPERIPH_DRIVER -DHSE_VALUE=8000000 -DUSE_STM32F429I_DISCO -I../src -I../Libraries/CMSIS/Include -I../Libraries/Device/ST/STM32F4xx/Include -I../Libraries/STM32F4xx_StdPeriph_Driver/inc -I../Utilities/Common -I../Utilities/STM32F429I-Discovery -IC:\Users\User\Documents\GitHub\ESD-Home-Monitoring-Automation-System\HMAS\Libraries\TM_LCD\inc -IC:\Users\User\Documents\GitHub\ESD-Home-Monitoring-Automation-System\HMAS\lvgl\src -IC:\Users\User\Documents\GitHub\ESD-Home-Monitoring-Automation-System\HMAS\lvgl -IC:\Users\User\Documents\GitHub\ESD-Home-Monitoring-Automation-System\HMAS\ui -O0 -ffunction-sections -fdata-sections -g -fstack-usage -Wall -specs=nano.specs -o ui\ui_helpers.o 
arm-atollic-eabi-gcc -c ..\ui\screens\ui_PasswordPage.c -mthumb -mcpu=cortex-m4 -mfloat-abi=hard -mfpu=fpv4-sp-d16 -std=gnu11 -DSTM32F42_43xxx -DUSE_STDPERIPH_DRIVER -DHSE_VALUE=8000000 -DUSE_STM32F429I_DISCO -I../src -I../Libraries/CMSIS/Include -I../Libraries/Device/ST/STM32F4xx/Include -I../Libraries/STM32F4xx_StdPeriph_Driver/inc -I../Utilities/Common -I../Utilities/STM32F429I-Discovery -IC:\Users\User\Documents\GitHub\ESD-Home-Monitoring-Automation-System\HMAS\Libraries\TM_LCD\inc -IC:\Users\User\Documents\GitHub\ESD-Home-Monitoring-Automation-System\HMAS\lvgl\src -IC:\Users\User\Documents\GitHub\ESD-Home-Monitoring-Automation-System\HMAS\lvgl -IC:\Users\User\Documents\GitHub\ESD-Home-Monitoring-Automation-System\HMAS\ui -O0 -ffunction-sections -fdata-sections -g -fstack-usage -Wall -specs=nano.specs -o ui\screens\ui_PasswordPage.o 
arm-atollic-eabi-gcc -c ..\ui\screens\ui_SensorPage.c -mthumb -mcpu=cortex-m4 -mfloat-abi=hard -mfpu=fpv4-sp-d16 -std=gnu11 -DSTM32F42_43xxx -DUSE_STDPERIPH_DRIVER -DHSE_VALUE=8000000 -DUSE_STM32F429I_DISCO -I../src -I../Libraries/CMSIS/Include -I../Libraries/Device/ST/STM32F4xx/Include -I../Libraries/STM32F4xx_StdPeriph_Driver/inc -I../Utilities/Common -I../Utilities/STM32F429I-Discovery -IC:\Users\User\Documents\GitHub\ESD-Home-Monitoring-Automation-System\HMAS\Libraries\TM_LCD\inc -IC:\Users\User\Documents\GitHub\ESD-Home-Monitoring-Automation-System\HMAS\lvgl\src -IC:\Users\User\Documents\GitHub\ESD-Home-Monitoring-Automation-System\HMAS\lvgl -IC:\Users\User\Documents\GitHub\ESD-Home-Monitoring-Automation-System\HMAS\ui -O0 -ffunction-sections -fdata-sections -g -fstack-usage -Wall -specs=nano.specs -o ui\screens\ui_SensorPage.o 
arm-atollic-eabi-gcc -o HMAS.elf Libraries\STM32F4xx_StdPeriph_Driver\src\misc.o Libraries\STM32F4xx_StdPeriph_Driver\src\stm32f4xx_adc.o Libraries\STM32F4xx_StdPeriph_Driver\src\stm32f4xx_can.o Libraries\STM32F4xx_StdPeriph_Driver\src\stm32f4xx_crc.o Libraries\STM32F4xx_StdPeriph_Driver\src\stm32f4xx_cryp.o Libraries\STM32F4xx_StdPeriph_Driver\src\stm32f4xx_cryp_aes.o Libraries\STM32F4xx_StdPeriph_Driver\src\stm32f4xx_cryp_des.o Libraries\STM32F4xx_StdPeriph_Driver\src\stm32f4xx_cryp_tdes.o Libraries\STM32F4xx_StdPeriph_Driver\src\stm32f4xx_dac.o Libraries\STM32F4xx_StdPeriph_Driver\src\stm32f4xx_dbgmcu.o Libraries\STM32F4xx_StdPeriph_Driver\src\stm32f4xx_dcmi.o Libraries\STM32F4xx_StdPeriph_Driver\src\stm32f4xx_dma.o Libraries\STM32F4xx_StdPeriph_Driver\src\stm32f4xx_dma2d.o Libraries\STM32F4xx_StdPeriph_Driver\src\stm32f4xx_exti.o Libraries\STM32F4xx_StdPeriph_Driver\src\stm32f4xx_flash.o Libraries\STM32F4xx_StdPeriph_Driver\src\stm32f4xx_fmc.o Libraries\STM32F4xx_StdPeriph_Driver\src\stm32f4xx_gpio.o Libraries\STM32F4xx_StdPeriph_Driver\src\stm32f4xx_hash.o Libraries\STM32F4xx_StdPeriph_Driver\src\stm32f4xx_hash_md5.o Libraries\STM32F4xx_StdPeriph_Driver\src\stm32f4xx_hash_sha1.o Libraries\STM32F4xx_StdPeriph_Driver\src\stm32f4xx_i2c.o Libraries\STM32F4xx_StdPeriph_Driver\src\stm32f4xx_iwdg.o Libraries\STM32F4xx_StdPeriph_Driver\src\stm32f4xx_ltdc.o Libraries\STM32F4xx_StdPeriph_Driver\src\stm32f4xx_pwr.o Libraries\STM32F4xx_StdPeriph_Driver\src\stm32f4xx_rcc.o Libraries\STM32F4xx_StdPeriph_Driver\src\stm32f4xx_rng.o Libraries\STM32F4xx_StdPeriph_Driver\src\stm32f4xx_rtc.o Libraries\STM32F4xx_StdPeriph_Driver\src\stm32f4xx_sai.o Libraries\STM32F4xx_StdPeriph_Driver\src\stm32f4xx_sdio.o Libraries\STM32F4xx_StdPeriph_Driver\src\stm32f4xx_spi.o Libraries\STM32F4xx_StdPeriph_Driver\src\stm32f4xx_syscfg.o Libraries\STM32F4xx_StdPeriph_Driver\src\stm32f4xx_tim.o Libraries\STM32F4xx_StdPeriph_Driver\src\stm32f4xx_usart.o Libraries\STM32F4xx_StdPeriph_Driver\src\stm32f4xx_wwdg.o Libraries\TM_LCD\src\tm_stm32f4_delay.o Libraries\TM_LCD\src\tm_stm32f4_disco.o Libraries\TM_LCD\src\tm_stm32f4_dma.o Libraries\TM_LCD\src\tm_stm32f4_dma2d_graphic.o Libraries\TM_LCD\src\tm_stm32f4_fonts.o Libraries\TM_LCD\src\tm_stm32f4_gpio.o Libraries\TM_LCD\src\tm_stm32f4_i2c.o Libraries\TM_LCD\src\tm_stm32f4_ili9341.o Libraries\TM_LCD\src\tm_stm32f4_ili9341_button.o Libraries\TM_LCD\src\tm_stm32f4_l3gd20.o Libraries\TM_LCD\src\tm_stm32f4_sdram.o Libraries\TM_LCD\src\tm_stm32f4_spi.o Libraries\TM_LCD\src\tm_stm32f4_spi_dma.o Libraries\TM_LCD\src\tm_stm32f4_stmpe811.o Utilities\Common\fonts.o Utilities\Common\lcd_log.o Utilities\STM32F429I-Discovery\stm32f429i_discovery.o Utilities\STM32F429I-Discovery\stm32f429i_discovery_ioe.o Utilities\STM32F429I-Discovery\stm32f429i_discovery_l3gd20.o Utilities\STM32F429I-Discovery\stm32f429i_discovery_lcd.o Utilities\STM32F429I-Discovery\stm32f429i_discovery_sdram.o lvgl\src\core\lv_group.o lvgl\src\core\lv_obj.o lvgl\src\core\lv_obj_class.o lvgl\src\core\lv_obj_draw.o lvgl\src\core\lv_obj_event.o lvgl\src\core\lv_obj_id_builtin.o lvgl\src\core\lv_obj_pos.o lvgl\src\core\lv_obj_property.o lvgl\src\core\lv_obj_scroll.o lvgl\src\core\lv_obj_style.o lvgl\src\core\lv_obj_style_gen.o lvgl\src\core\lv_obj_tree.o lvgl\src\core\lv_refr.o lvgl\src\display\lv_display.o lvgl\src\draw\dma2d\lv_draw_dma2d.o lvgl\src\draw\dma2d\lv_draw_dma2d_fill.o lvgl\src\draw\dma2d\lv_draw_dma2d_img.o lvgl\src\draw\lv_draw.o lvgl\src\draw\lv_draw_3d.o lvgl\src\draw\lv_draw_arc.o lvgl\src\draw\lv_draw_buf.o lvgl\src\draw\lv_draw_image.o lvgl\src\draw\lv_draw_label.o lvgl\src\draw\lv_draw_line.o lvgl\src\draw\lv_draw_mask.o lvgl\src\draw\lv_draw_rect.o lvgl\src\draw\lv_draw_triangle.o lvgl\src\draw\lv_draw_vector.o lvgl\src\draw\lv_image_decoder.o lvgl\src\draw\nema_gfx\lv_draw_nema_gfx.o lvgl\src\draw\nema_gfx\lv_draw_nema_gfx_arc.o lvgl\src\draw\nema_gfx\lv_draw_nema_gfx_border.o lvgl\src\draw\nema_gfx\lv_draw_nema_gfx_fill.o lvgl\src\draw\nema_gfx\lv_draw_nema_gfx_img.o lvgl\src\draw\nema_gfx\lv_draw_nema_gfx_label.o lvgl\src\draw\nema_gfx\lv_draw_nema_gfx_layer.o lvgl\src\draw\nema_gfx\lv_draw_nema_gfx_line.o lvgl\src\draw\nema_gfx\lv_draw_nema_gfx_stm32_hal.o lvgl\src\draw\nema_gfx\lv_draw_nema_gfx_triangle.o lvgl\src\draw\nema_gfx\lv_draw_nema_gfx_utils.o lvgl\src\draw\nema_gfx\lv_nema_gfx_path.o lvgl\src\draw\nxp\g2d\lv_draw_buf_g2d.o lvgl\src\draw\nxp\g2d\lv_draw_g2d.o lvgl\src\draw\nxp\g2d\lv_draw_g2d_fill.o lvgl\src\draw\nxp\g2d\lv_draw_g2d_img.o lvgl\src\draw\nxp\g2d\lv_g2d_buf_map.o lvgl\src\draw\nxp\g2d\lv_g2d_utils.o lvgl\src\draw\nxp\pxp\lv_draw_buf_pxp.o lvgl\src\draw\nxp\pxp\lv_draw_pxp.o lvgl\src\draw\nxp\pxp\lv_draw_pxp_fill.o lvgl\src\draw\nxp\pxp\lv_draw_pxp_img.o lvgl\src\draw\nxp\pxp\lv_draw_pxp_layer.o lvgl\src\draw\nxp\pxp\lv_pxp_cfg.o lvgl\src\draw\nxp\pxp\lv_pxp_osa.o lvgl\src\draw\nxp\pxp\lv_pxp_utils.o lvgl\src\draw\nxp\vglite\lv_draw_buf_vglite.o lvgl\src\draw\nxp\vglite\lv_draw_vglite.o lvgl\src\draw\nxp\vglite\lv_draw_vglite_arc.o lvgl\src\draw\nxp\vglite\lv_draw_vglite_border.o lvgl\src\draw\nxp\vglite\lv_draw_vglite_fill.o lvgl\src\draw\nxp\vglite\lv_draw_vglite_img.o lvgl\src\draw\nxp\vglite\lv_draw_vglite_label.o lvgl\src\draw\nxp\vglite\lv_draw_vglite_layer.o lvgl\src\draw\nxp\vglite\lv_draw_vglite_line.o lvgl\src\draw\nxp\vglite\lv_draw_vglite_triangle.o lvgl\src\draw\nxp\vglite\lv_vglite_buf.o lvgl\src\draw\nxp\vglite\lv_vglite_matrix.o lvgl\src\draw\nxp\vglite\lv_vglite_path.o lvgl\src\draw\nxp\vglite\lv_vglite_utils.o lvgl\src\draw\opengles\lv_draw_opengles.o lvgl\src\draw\renesas\dave2d\lv_draw_dave2d.o lvgl\src\draw\renesas\dave2d\lv_draw_dave2d_arc.o lvgl\src\draw\renesas\dave2d\lv_draw_dave2d_border.o lvgl\src\draw\renesas\dave2d\lv_draw_dave2d_fill.o lvgl\src\draw\renesas\dave2d\lv_draw_dave2d_image.o lvgl\src\draw\renesas\dave2d\lv_draw_dave2d_label.o lvgl\src\draw\renesas\dave2d\lv_draw_dave2d_line.o lvgl\src\draw\renesas\dave2d\lv_draw_dave2d_mask_rectangle.o lvgl\src\draw\renesas\dave2d\lv_draw_dave2d_triangle.o lvgl\src\draw\renesas\dave2d\lv_draw_dave2d_utils.o lvgl\src\draw\sdl\lv_draw_sdl.o lvgl\src\draw\sw\blend\helium\lv_blend_helium.o lvgl\src\draw\sw\blend\lv_draw_sw_blend.o lvgl\src\draw\sw\blend\lv_draw_sw_blend_to_al88.o lvgl\src\draw\sw\blend\lv_draw_sw_blend_to_argb8888.o lvgl\src\draw\sw\blend\lv_draw_sw_blend_to_argb8888_premultiplied.o lvgl\src\draw\sw\blend\lv_draw_sw_blend_to_i1.o lvgl\src\draw\sw\blend\lv_draw_sw_blend_to_l8.o lvgl\src\draw\sw\blend\lv_draw_sw_blend_to_rgb565.o lvgl\src\draw\sw\blend\lv_draw_sw_blend_to_rgb565_swapped.o lvgl\src\draw\sw\blend\lv_draw_sw_blend_to_rgb888.o lvgl\src\draw\sw\blend\neon\lv_blend_neon.o lvgl\src\draw\sw\lv_draw_sw.o lvgl\src\draw\sw\lv_draw_sw_arc.o lvgl\src\draw\sw\lv_draw_sw_border.o lvgl\src\draw\sw\lv_draw_sw_box_shadow.o lvgl\src\draw\sw\lv_draw_sw_fill.o lvgl\src\draw\sw\lv_draw_sw_grad.o lvgl\src\draw\sw\lv_draw_sw_img.o lvgl\src\draw\sw\lv_draw_sw_letter.o lvgl\src\draw\sw\lv_draw_sw_line.o lvgl\src\draw\sw\lv_draw_sw_mask.o lvgl\src\draw\sw\lv_draw_sw_mask_rect.o lvgl\src\draw\sw\lv_draw_sw_transform.o lvgl\src\draw\sw\lv_draw_sw_triangle.o lvgl\src\draw\sw\lv_draw_sw_utils.o lvgl\src\draw\sw\lv_draw_sw_vector.o lvgl\src\draw\vg_lite\lv_draw_buf_vg_lite.o lvgl\src\draw\vg_lite\lv_draw_vg_lite.o lvgl\src\draw\vg_lite\lv_draw_vg_lite_arc.o lvgl\src\draw\vg_lite\lv_draw_vg_lite_border.o lvgl\src\draw\vg_lite\lv_draw_vg_lite_box_shadow.o lvgl\src\draw\vg_lite\lv_draw_vg_lite_fill.o lvgl\src\draw\vg_lite\lv_draw_vg_lite_img.o lvgl\src\draw\vg_lite\lv_draw_vg_lite_label.o lvgl\src\draw\vg_lite\lv_draw_vg_lite_layer.o lvgl\src\draw\vg_lite\lv_draw_vg_lite_line.o lvgl\src\draw\vg_lite\lv_draw_vg_lite_mask_rect.o lvgl\src\draw\vg_lite\lv_draw_vg_lite_triangle.o lvgl\src\draw\vg_lite\lv_draw_vg_lite_vector.o lvgl\src\draw\vg_lite\lv_vg_lite_decoder.o lvgl\src\draw\vg_lite\lv_vg_lite_grad.o lvgl\src\draw\vg_lite\lv_vg_lite_math.o lvgl\src\draw\vg_lite\lv_vg_lite_path.o lvgl\src\draw\vg_lite\lv_vg_lite_pending.o lvgl\src\draw\vg_lite\lv_vg_lite_stroke.o lvgl\src\draw\vg_lite\lv_vg_lite_utils.o lvgl\src\drivers\display\drm\lv_linux_drm.o lvgl\src\drivers\display\fb\lv_linux_fbdev.o lvgl\src\drivers\display\ft81x\lv_ft81x.o lvgl\src\drivers\display\ili9341\lv_ili9341.o lvgl\src\drivers\display\lcd\lv_lcd_generic_mipi.o lvgl\src\drivers\display\renesas_glcdc\lv_renesas_glcdc.o lvgl\src\drivers\display\st7735\lv_st7735.o lvgl\src\drivers\display\st7789\lv_st7789.o lvgl\src\drivers\display\st7796\lv_st7796.o lvgl\src\drivers\display\st_ltdc\lv_st_ltdc.o lvgl\src\drivers\evdev\lv_evdev.o lvgl\src\drivers\glfw\lv_glfw_window.o lvgl\src\drivers\glfw\lv_opengles_debug.o lvgl\src\drivers\glfw\lv_opengles_driver.o lvgl\src\drivers\glfw\lv_opengles_texture.o lvgl\src\drivers\libinput\lv_libinput.o lvgl\src\drivers\libinput\lv_xkb.o lvgl\src\drivers\nuttx\lv_nuttx_cache.o lvgl\src\drivers\nuttx\lv_nuttx_entry.o lvgl\src\drivers\nuttx\lv_nuttx_fbdev.o lvgl\src\drivers\nuttx\lv_nuttx_image_cache.o lvgl\src\drivers\nuttx\lv_nuttx_lcd.o lvgl\src\drivers\nuttx\lv_nuttx_libuv.o lvgl\src\drivers\nuttx\lv_nuttx_profiler.o lvgl\src\drivers\nuttx\lv_nuttx_touchscreen.o lvgl\src\drivers\qnx\lv_qnx.o lvgl\src\drivers\sdl\lv_sdl_keyboard.o lvgl\src\drivers\sdl\lv_sdl_mouse.o lvgl\src\drivers\sdl\lv_sdl_mousewheel.o lvgl\src\drivers\sdl\lv_sdl_window.o lvgl\src\drivers\uefi\lv_uefi_context.o lvgl\src\drivers\uefi\lv_uefi_display.o lvgl\src\drivers\uefi\lv_uefi_indev_keyboard.o lvgl\src\drivers\uefi\lv_uefi_indev_pointer.o lvgl\src\drivers\uefi\lv_uefi_indev_touch.o lvgl\src\drivers\uefi\lv_uefi_private.o lvgl\src\drivers\wayland\lv_wayland.o lvgl\src\drivers\wayland\lv_wayland_smm.o lvgl\src\drivers\wayland\lv_wl_cache.o lvgl\src\drivers\wayland\lv_wl_dmabuf.o lvgl\src\drivers\wayland\lv_wl_keyboard.o lvgl\src\drivers\wayland\lv_wl_pointer.o lvgl\src\drivers\wayland\lv_wl_pointer_axis.o lvgl\src\drivers\wayland\lv_wl_seat.o lvgl\src\drivers\wayland\lv_wl_shell.o lvgl\src\drivers\wayland\lv_wl_shm.o lvgl\src\drivers\wayland\lv_wl_touch.o lvgl\src\drivers\wayland\lv_wl_window.o lvgl\src\drivers\wayland\lv_wl_window_decorations.o lvgl\src\drivers\wayland\lv_wl_xdg_shell.o lvgl\src\drivers\windows\lv_windows_context.o lvgl\src\drivers\windows\lv_windows_display.o lvgl\src\drivers\windows\lv_windows_input.o lvgl\src\drivers\x11\lv_x11_display.o lvgl\src\drivers\x11\lv_x11_input.o lvgl\src\font\lv_binfont_loader.o lvgl\src\font\lv_font.o lvgl\src\font\lv_font_dejavu_16_persian_hebrew.o lvgl\src\font\lv_font_fmt_txt.o lvgl\src\font\lv_font_montserrat_10.o lvgl\src\font\lv_font_montserrat_12.o lvgl\src\font\lv_font_montserrat_14.o lvgl\src\font\lv_font_montserrat_14_aligned.o lvgl\src\font\lv_font_montserrat_16.o lvgl\src\font\lv_font_montserrat_18.o lvgl\src\font\lv_font_montserrat_20.o lvgl\src\font\lv_font_montserrat_22.o lvgl\src\font\lv_font_montserrat_24.o lvgl\src\font\lv_font_montserrat_26.o lvgl\src\font\lv_font_montserrat_28.o lvgl\src\font\lv_font_montserrat_28_compressed.o lvgl\src\font\lv_font_montserrat_30.o lvgl\src\font\lv_font_montserrat_32.o lvgl\src\font\lv_font_montserrat_34.o lvgl\src\font\lv_font_montserrat_36.o lvgl\src\font\lv_font_montserrat_38.o lvgl\src\font\lv_font_montserrat_40.o lvgl\src\font\lv_font_montserrat_42.o lvgl\src\font\lv_font_montserrat_44.o lvgl\src\font\lv_font_montserrat_46.o lvgl\src\font\lv_font_montserrat_48.o lvgl\src\font\lv_font_montserrat_8.o lvgl\src\font\lv_font_simsun_14_cjk.o lvgl\src\font\lv_font_simsun_16_cjk.o lvgl\src\font\lv_font_source_han_sans_sc_14_cjk.o lvgl\src\font\lv_font_source_han_sans_sc_16_cjk.o lvgl\src\font\lv_font_unscii_16.o lvgl\src\font\lv_font_unscii_8.o lvgl\src\indev\lv_indev.o lvgl\src\indev\lv_indev_gesture.o lvgl\src\indev\lv_indev_scroll.o lvgl\src\layouts\flex\lv_flex.o lvgl\src\layouts\grid\lv_grid.o lvgl\src\layouts\lv_layout.o lvgl\src\libs\barcode\code128.o lvgl\src\libs\barcode\lv_barcode.o lvgl\src\libs\bin_decoder\lv_bin_decoder.o lvgl\src\libs\bmp\lv_bmp.o lvgl\src\libs\expat\xmlparse.o lvgl\src\libs\expat\xmlrole.o lvgl\src\libs\expat\xmltok.o lvgl\src\libs\expat\xmltok_impl.o lvgl\src\libs\expat\xmltok_ns.o lvgl\src\libs\ffmpeg\lv_ffmpeg.o lvgl\src\libs\freetype\lv_freetype.o lvgl\src\libs\freetype\lv_freetype_glyph.o lvgl\src\libs\freetype\lv_freetype_image.o lvgl\src\libs\freetype\lv_freetype_outline.o lvgl\src\libs\freetype\lv_ftsystem.o lvgl\src\libs\fsdrv\lv_fs_cbfs.o lvgl\src\libs\fsdrv\lv_fs_fatfs.o lvgl\src\libs\fsdrv\lv_fs_littlefs.o lvgl\src\libs\fsdrv\lv_fs_memfs.o lvgl\src\libs\fsdrv\lv_fs_posix.o lvgl\src\libs\fsdrv\lv_fs_stdio.o lvgl\src\libs\fsdrv\lv_fs_uefi.o lvgl\src\libs\fsdrv\lv_fs_win32.o lvgl\src\libs\gif\gifdec.o lvgl\src\libs\gif\lv_gif.o lvgl\src\libs\libjpeg_turbo\lv_libjpeg_turbo.o lvgl\src\libs\libpng\lv_libpng.o lvgl\src\libs\lodepng\lodepng.o lvgl\src\libs\lodepng\lv_lodepng.o lvgl\src\libs\lz4\lz4.o lvgl\src\libs\qrcode\lv_qrcode.o lvgl\src\libs\qrcode\qrcodegen.o lvgl\src\libs\rle\lv_rle.o lvgl\src\libs\rlottie\lv_rlottie.o lvgl\src\libs\svg\lv_svg.o lvgl\src\libs\svg\lv_svg_decoder.o lvgl\src\libs\svg\lv_svg_parser.o lvgl\src\libs\svg\lv_svg_render.o lvgl\src\libs\svg\lv_svg_token.o lvgl\src\libs\tiny_ttf\lv_tiny_ttf.o lvgl\src\libs\tjpgd\lv_tjpgd.o lvgl\src\libs\tjpgd\tjpgd.o lvgl\src\lv_init.o lvgl\src\misc\cache\class\lv_cache_lru_ll.o lvgl\src\misc\cache\class\lv_cache_lru_rb.o lvgl\src\misc\cache\instance\lv_image_cache.o lvgl\src\misc\cache\instance\lv_image_header_cache.o lvgl\src\misc\cache\lv_cache.o lvgl\src\misc\cache\lv_cache_entry.o lvgl\src\misc\lv_anim.o lvgl\src\misc\lv_anim_timeline.o lvgl\src\misc\lv_area.o lvgl\src\misc\lv_array.o lvgl\src\misc\lv_async.o lvgl\src\misc\lv_bidi.o lvgl\src\misc\lv_circle_buf.o lvgl\src\misc\lv_color.o lvgl\src\misc\lv_color_op.o lvgl\src\misc\lv_event.o lvgl\src\misc\lv_fs.o lvgl\src\misc\lv_grad.o lvgl\src\misc\lv_iter.o lvgl\src\misc\lv_ll.o lvgl\src\misc\lv_log.o lvgl\src\misc\lv_lru.o lvgl\src\misc\lv_math.o lvgl\src\misc\lv_matrix.o lvgl\src\misc\lv_palette.o lvgl\src\misc\lv_profiler_builtin.o lvgl\src\misc\lv_rb.o lvgl\src\misc\lv_style.o lvgl\src\misc\lv_style_gen.o lvgl\src\misc\lv_templ.o lvgl\src\misc\lv_text.o lvgl\src\misc\lv_text_ap.o lvgl\src\misc\lv_timer.o lvgl\src\misc\lv_tree.o lvgl\src\misc\lv_utils.o lvgl\src\osal\lv_cmsis_rtos2.o lvgl\src\osal\lv_freertos.o lvgl\src\osal\lv_linux.o lvgl\src\osal\lv_mqx.o lvgl\src\osal\lv_os.o lvgl\src\osal\lv_os_none.o lvgl\src\osal\lv_pthread.o lvgl\src\osal\lv_rtthread.o lvgl\src\osal\lv_sdl2.o lvgl\src\osal\lv_windows.o lvgl\src\others\file_explorer\lv_file_explorer.o lvgl\src\others\font_manager\lv_font_manager.o lvgl\src\others\font_manager\lv_font_manager_recycle.o lvgl\src\others\fragment\lv_fragment.o lvgl\src\others\fragment\lv_fragment_manager.o lvgl\src\others\gridnav\lv_gridnav.o lvgl\src\others\ime\lv_ime_pinyin.o lvgl\src\others\imgfont\lv_imgfont.o lvgl\src\others\monkey\lv_monkey.o lvgl\src\others\observer\lv_observer.o lvgl\src\others\snapshot\lv_snapshot.o lvgl\src\others\sysmon\lv_sysmon.o lvgl\src\others\test\lv_test_display.o lvgl\src\others\test\lv_test_helpers.o lvgl\src\others\test\lv_test_indev.o lvgl\src\others\test\lv_test_indev_gesture.o lvgl\src\others\test\lv_test_screenshot_compare.o lvgl\src\others\vg_lite_tvg\vg_lite_matrix.o lvgl\src\others\xml\lv_xml.o lvgl\src\others\xml\lv_xml_base_types.o lvgl\src\others\xml\lv_xml_component.o lvgl\src\others\xml\lv_xml_parser.o lvgl\src\others\xml\lv_xml_style.o lvgl\src\others\xml\lv_xml_update.o lvgl\src\others\xml\lv_xml_utils.o lvgl\src\others\xml\lv_xml_widget.o lvgl\src\others\xml\parsers\lv_xml_arc_parser.o lvgl\src\others\xml\parsers\lv_xml_bar_parser.o lvgl\src\others\xml\parsers\lv_xml_button_parser.o lvgl\src\others\xml\parsers\lv_xml_buttonmatrix_parser.o lvgl\src\others\xml\parsers\lv_xml_calendar_parser.o lvgl\src\others\xml\parsers\lv_xml_canvas_parser.o lvgl\src\others\xml\parsers\lv_xml_chart_parser.o lvgl\src\others\xml\parsers\lv_xml_checkbox_parser.o lvgl\src\others\xml\parsers\lv_xml_dropdown_parser.o lvgl\src\others\xml\parsers\lv_xml_event_parser.o lvgl\src\others\xml\parsers\lv_xml_image_parser.o lvgl\src\others\xml\parsers\lv_xml_keyboard_parser.o lvgl\src\others\xml\parsers\lv_xml_label_parser.o lvgl\src\others\xml\parsers\lv_xml_obj_parser.o lvgl\src\others\xml\parsers\lv_xml_roller_parser.o lvgl\src\others\xml\parsers\lv_xml_scale_parser.o lvgl\src\others\xml\parsers\lv_xml_slider_parser.o lvgl\src\others\xml\parsers\lv_xml_spangroup_parser.o lvgl\src\others\xml\parsers\lv_xml_table_parser.o lvgl\src\others\xml\parsers\lv_xml_tabview_parser.o lvgl\src\others\xml\parsers\lv_xml_textarea_parser.o lvgl\src\stdlib\builtin\lv_mem_core_builtin.o lvgl\src\stdlib\builtin\lv_sprintf_builtin.o lvgl\src\stdlib\builtin\lv_string_builtin.o lvgl\src\stdlib\builtin\lv_tlsf.o lvgl\src\stdlib\clib\lv_mem_core_clib.o lvgl\src\stdlib\clib\lv_sprintf_clib.o lvgl\src\stdlib\clib\lv_string_clib.o lvgl\src\stdlib\lv_mem.o lvgl\src\stdlib\micropython\lv_mem_core_micropython.o lvgl\src\stdlib\rtthread\lv_mem_core_rtthread.o lvgl\src\stdlib\rtthread\lv_sprintf_rtthread.o lvgl\src\stdlib\rtthread\lv_string_rtthread.o lvgl\src\stdlib\uefi\lv_mem_core_uefi.o lvgl\src\themes\default\lv_theme_default.o lvgl\src\themes\lv_theme.o lvgl\src\themes\mono\lv_theme_mono.o lvgl\src\themes\simple\lv_theme_simple.o lvgl\src\tick\lv_tick.o lvgl\src\widgets\3dtexture\lv_3dtexture.o lvgl\src\widgets\animimage\lv_animimage.o lvgl\src\widgets\arc\lv_arc.o lvgl\src\widgets\bar\lv_bar.o lvgl\src\widgets\button\lv_button.o lvgl\src\widgets\buttonmatrix\lv_buttonmatrix.o lvgl\src\widgets\calendar\lv_calendar.o lvgl\src\widgets\calendar\lv_calendar_chinese.o lvgl\src\widgets\calendar\lv_calendar_header_arrow.o lvgl\src\widgets\calendar\lv_calendar_header_dropdown.o lvgl\src\widgets\canvas\lv_canvas.o lvgl\src\widgets\chart\lv_chart.o lvgl\src\widgets\checkbox\lv_checkbox.o lvgl\src\widgets\dropdown\lv_dropdown.o lvgl\src\widgets\image\lv_image.o lvgl\src\widgets\imagebutton\lv_imagebutton.o lvgl\src\widgets\keyboard\lv_keyboard.o lvgl\src\widgets\label\lv_label.o lvgl\src\widgets\led\lv_led.o lvgl\src\widgets\line\lv_line.o lvgl\src\widgets\list\lv_list.o lvgl\src\widgets\lottie\lv_lottie.o lvgl\src\widgets\menu\lv_menu.o lvgl\src\widgets\msgbox\lv_msgbox.o lvgl\src\widgets\objx_templ\lv_objx_templ.o lvgl\src\widgets\property\lv_animimage_properties.o lvgl\src\widgets\property\lv_dropdown_properties.o lvgl\src\widgets\property\lv_image_properties.o lvgl\src\widgets\property\lv_keyboard_properties.o lvgl\src\widgets\property\lv_label_properties.o lvgl\src\widgets\property\lv_obj_properties.o lvgl\src\widgets\property\lv_roller_properties.o lvgl\src\widgets\property\lv_slider_properties.o lvgl\src\widgets\property\lv_style_properties.o lvgl\src\widgets\property\lv_textarea_properties.o lvgl\src\widgets\roller\lv_roller.o lvgl\src\widgets\scale\lv_scale.o lvgl\src\widgets\slider\lv_slider.o lvgl\src\widgets\span\lv_span.o lvgl\src\widgets\spinbox\lv_spinbox.o lvgl\src\widgets\spinner\lv_spinner.o lvgl\src\widgets\switch\lv_switch.o lvgl\src\widgets\table\lv_table.o lvgl\src\widgets\tabview\lv_tabview.o lvgl\src\widgets\textarea\lv_textarea.o lvgl\src\widgets\tileview\lv_tileview.o lvgl\src\widgets\win\lv_win.o src\actuator\actuator.o src\gpio\gpio.o src\main.o src\nand\fsmc_nand\fsmc_nand.o src\nand\nand.o src\page\initialize_page\initialize_page.o src\page\page.o src\page\password_page\password_page.o src\page\sensor_page\sensor_page.o src\page\setting_page\setting_page.o src\sensor\dht22\dht22.o src\sensor\sensor.o src\startup_stm32f429x.o src\stm32f4xx_it.o src\system_stm32f4xx.o src\timer\timer.o src\tiny_printf.o src\usart\usart.o src\user\user.o ui\components\ui_comp_hook.o ui\images\ui_img_humidity_png.o ui\images\ui_img_intensity_png.o ui\images\ui_img_logout_png.o ui\images\ui_img_record_png.o ui\images\ui_img_save_png.o ui\images\ui_img_sensor_png.o ui\images\ui_img_setting_png.o ui\images\ui_img_spinner_png.o ui\images\ui_img_temperature_png.o ui\screens\ui_DashboardPage.o ui\screens\ui_InitializePage.o ui\screens\ui_PasswordPage.o ui\screens\ui_RecordPage.o ui\screens\ui_SensorPage.o ui\screens\ui_SettingPage.o ui\ui.o ui\ui_events.o ui\ui_helpers.o -mthumb -mcpu=cortex-m4 -mfloat-abi=hard -mfpu=fpv4-sp-d16 -T../stm32f4_flash.ld -specs=nosys.specs -static -Wl,-cref,-u,Reset_Handler -Wl,-Map=HMAS.map -Wl,--gc-sections -Wl,--defsym=malloc_getpagesize_P=0x80 -Wl,--start-group -lc -lm -Wl,--end-group -specs=nano.specs 
C:\Program Files (x86)\Atollic\TrueSTUDIO for STM32 9.3.0\ide\jre\bin\java -jar C:\Program Files (x86)\Atollic\TrueSTUDIO for STM32 9.3.0\Tools\arm-atollic-reports.jar convert-hex sizeinfo list HMAS.elf 
Generate build reports...
Converting build output to hex
Output sent to: HMAS.hex
Converting build output to hex done
Print size information
   text	   data	    bss	    dec	    hex	filename
 639744	    424	  87572	 727740	  b1abc	HMAS.elf
Print size information done
Generate listing file
Output sent to: HMAS.list
Generate listing file done
Generate build reports done
